nohup: ignoring input
Output directory: /home/chenwh/ros2_ws/src/TetraPGA-preview/reviewer_revision_experiments/08_casadi_dof_benchmark_rerun/ga4ro_crocoddyl_kmaxad_rerun_20260629_152436
Configuring GA4Ro benchmark build...
-- The C compiler identification is GNU 12.3.0
-- The CXX compiler identification is GNU 12.3.0
-- Detecting C compiler ABI info
-- Detecting C compiler ABI info - done
-- Check for working C compiler: /usr/bin/cc - skipped
-- Detecting C compile features
-- Detecting C compile features - done
-- Detecting CXX compiler ABI info
-- Detecting CXX compiler ABI info - done
-- Check for working CXX compiler: /usr/bin/c++ - skipped
-- Detecting CXX compile features
-- Detecting CXX compile features - done
-- pinocchio_default FOUND. pinocchio_default at /opt/openrobots/lib/libpinocchio_default.so
-- pinocchio_parsers FOUND. pinocchio_parsers at /opt/openrobots/lib/libpinocchio_parsers.so
-- pinocchio_casadi FOUND. pinocchio_casadi at /opt/openrobots/lib/libpinocchio_casadi.so
-- boost_filesystem FOUND. boost_filesystem at /usr/lib/x86_64-linux-gnu/libboost_filesystem.so
-- Found Boost: /usr/include (found version "1.74.0") found components: filesystem serialization
-- coal FOUND. coal at /opt/openrobots/lib/libcoal.so
-- Found Boost: /usr/include (found version "1.74.0") found components: serialization filesystem
-- Default C++ standard: 201703
-- Minimal C++ standard upgraded to 11
-- C++ standard sufficient: Minimal required 11, currently defined: 17
-- C++ standard sufficient: Minimal required 11, currently defined: 17
-- crocoddyl FOUND. crocoddyl at /opt/openrobots/lib/libcrocoddyl.so
-- boost_filesystem FOUND. boost_filesystem at /usr/lib/x86_64-linux-gnu/libboost_filesystem.so
-- Found Boost: /usr/include (found suitable version "1.74.0", minimum required is "1.65") found components: filesystem serialization
-- Minimal C++ standard upgraded to 14
-- C++ standard sufficient: Minimal required 14, currently defined: 17
-- Performing Test CMAKE_HAVE_LIBC_PTHREAD
-- Performing Test CMAKE_HAVE_LIBC_PTHREAD - Success
-- Found Threads: TRUE
-- eigenpy FOUND. eigenpy at /opt/openrobots/lib/libeigenpy.so
-- Checking for NumPy
--   NUMPY_INCLUDE_DIRS=/home/chenwh/.local/lib/python3.10/site-packages/numpy/_core/include
--   NUMPY_VERSION=2.2.6
-- Found Python3: /usr/bin/python3 (found version "3.10.12") found components: Interpreter Development.Module NumPy
-- PythonLibraryDirs: 
-- PythonLibVersionString: 3.10.12
-- Python site lib: lib/python3.10/site-packages
-- Python include dirs: /usr/include/python3.10
-- Checking for NumPy
--   NUMPY_INCLUDE_DIRS=/home/chenwh/.local/lib/python3.10/site-packages/numpy/_core/include
--   NUMPY_VERSION=2.2.6
-- NumPy include dir: /home/chenwh/.local/lib/python3.10/site-packages/numpy/_core/include
-- Found Boost: /usr/include (found version "1.74.0") found components: python310
-- C++ standard sufficient: Minimal required 14, currently defined: 17
-- C++ standard sufficient: Minimal required 14, currently defined: 17
-- Found PkgConfig: /usr/bin/pkg-config (found version "0.29.2")
-- Checking for module 'coal'
--   Found coal, version 3.0.2
-- Checking for module 'casadi'
--   Found casadi, version 3.7.2
-- Found ament_cmake: 1.3.14 (/opt/ros/humble/share/ament_cmake/cmake)
-- Found ament_index_cpp: 1.4.1 (/opt/ros/humble/share/ament_index_cpp/cmake)
-- Found rclcpp: 16.0.19 (/opt/ros/humble/share/rclcpp/cmake)
-- Found rosidl_generator_c: 3.1.8 (/opt/ros/humble/share/rosidl_generator_c/cmake)
-- Found rosidl_adapter: 3.1.8 (/opt/ros/humble/share/rosidl_adapter/cmake)
-- Found rosidl_generator_cpp: 3.1.8 (/opt/ros/humble/share/rosidl_generator_cpp/cmake)
-- Using all available rosidl_typesupport_c: rosidl_typesupport_fastrtps_c;rosidl_typesupport_introspection_c
-- Using all available rosidl_typesupport_cpp: rosidl_typesupport_fastrtps_cpp;rosidl_typesupport_introspection_cpp
-- Found rmw_implementation_cmake: 6.1.2 (/opt/ros/humble/share/rmw_implementation_cmake/cmake)
-- Found rmw_fastrtps_cpp: 6.2.10 (/opt/ros/humble/share/rmw_fastrtps_cpp/cmake)
-- Found OpenSSL: /usr/lib/x86_64-linux-gnu/libcrypto.so (found version "3.0.2")
-- Found FastRTPS: /opt/ros/humble/include
-- Using RMW implementation 'rmw_fastrtps_cpp' as default
-- Found sensor_msgs: 4.9.1 (/opt/ros/humble/share/sensor_msgs/cmake)
-- Found trajectory_msgs: 4.9.1 (/opt/ros/humble/share/trajectory_msgs/cmake)
-- Found interactive_markers: 2.3.2 (/opt/ros/humble/share/interactive_markers/cmake)
-- Found pluginlib: 5.1.4 (/opt/ros/humble/share/pluginlib/cmake)
-- Found rviz_common: 11.2.26 (/opt/ros/humble/share/rviz_common/cmake)
-- Setting assimp_DIR to: '/opt/ros/humble/share/rviz_assimp_vendor/cmake/../../../opt/rviz_assimp_vendor/lib/cmake/assimp-4.1'
-- Setting OGRE_DIR to: '/opt/ros/humble/share/rviz_ogre_vendor/cmake/../../../opt/rviz_ogre_vendor/lib/OGRE/cmake'
-- Found OGRE
--   static     : OFF
--   components : HLMS;MeshLodGenerator;Overlay;Paging;Property;RTShaderSystem;Terrain;Volume
--   plugins    : Plugin_BSPSceneManager;Plugin_OctreeSceneManager;Plugin_PCZSceneManager;Plugin_ParticleFX;RenderSystem_GL;RenderSystem_GL3Plus;Codec_STBI
--   media      : /opt/ros/humble/opt/rviz_ogre_vendor/share/OGRE/Media
-- OGRE_LIBRARIES: OgreHLMS;OgreMeshLodGenerator;OgreOverlay;OgrePaging;OgreProperty;OgreRTShaderSystem;OgreTerrain;OgreVolume;OgreMain
-- OGRE_LIBRARY_DIRS: /opt/ros/humble/opt/rviz_ogre_vendor/lib
-- OGRE_PLUGINS: Plugin_BSPSceneManager;Plugin_OctreeSceneManager;Plugin_PCZSceneManager;Plugin_ParticleFX;RenderSystem_GL;RenderSystem_GL3Plus;Codec_STBI
-- OGRE_PLUGIN_DIR: /opt/ros/humble/opt/rviz_ogre_vendor/lib/OGRE
-- rviz_ogre_vendor::OgreOverlay for IMPORTED_LOCATION_RELEASE: /opt/ros/humble/opt/rviz_ogre_vendor/lib/libOgreOverlay.so
-- rviz_ogre_vendor::OgreOverlay for IMPORTED_LOCATION_DEBUG: /opt/ros/humble/opt/rviz_ogre_vendor/lib/libOgreOverlay.so
-- rviz_ogre_vendor::OgreMain for IMPORTED_LOCATION_RELEASE: /opt/ros/humble/opt/rviz_ogre_vendor/lib/libOgreMain.so
-- rviz_ogre_vendor::OgreMain for IMPORTED_LOCATION_DEBUG: /opt/ros/humble/opt/rviz_ogre_vendor/lib/libOgreMain.so
-- Found ZLIB: /usr/lib/x86_64-linux-gnu/libz.so (found version "1.2.11")
-- Found OpenGL: /usr/lib/x86_64-linux-gnu/libOpenGL.so
-- Found X11: /usr/include
-- Looking for XOpenDisplay in /usr/lib/x86_64-linux-gnu/libX11.so;/usr/lib/x86_64-linux-gnu/libXext.so
-- Looking for XOpenDisplay in /usr/lib/x86_64-linux-gnu/libX11.so;/usr/lib/x86_64-linux-gnu/libXext.so - found
-- Looking for gethostbyname
-- Looking for gethostbyname - found
-- Looking for connect
-- Looking for connect - found
-- Looking for remove
-- Looking for remove - found
-- Looking for shmat
-- Looking for shmat - found
-- Looking for IceConnectionNumber in ICE
-- Looking for IceConnectionNumber in ICE - found
-- library: /usr/lib/x86_64-linux-gnu/libcurl.so
-- Found Eigen3: TRUE (found version "3.4.0")
-- Ensuring Eigen3 include directory is part of orocos-kdl CMake target
-- Found std_srvs: 4.9.1 (/opt/ros/humble/share/std_srvs/cmake)
-- Found ament_lint_auto: 0.12.15 (/opt/ros/humble/share/ament_lint_auto/cmake)
WARNING: Package name "GA4Ro" does not follow the naming conventions. It should start with a lower case letter and only contain lower case letters, digits, underscores, and dashes.
-- Configuring done (5.3s)
-- Generating done (0.1s)
-- Build files have been written to: /tmp/ga4ro_crocoddyl_kmaxad_build

Building Crocoddyl_fddp_bench with -j1...
[  0%] Built target Crocoddyl_fddp_bench_autogen_timestamp_deps
[ 20%] Automatic MOC for target Crocoddyl_fddp_bench
[ 20%] Built target Crocoddyl_fddp_bench_autogen
[ 40%] Building CXX object CMakeFiles/Crocoddyl_fddp_bench.dir/Crocoddyl_fddp_bench_autogen/mocs_compilation.cpp.o
[ 60%] Building CXX object CMakeFiles/Crocoddyl_fddp_bench.dir/benchmark/Crocoddyl_fddp_bench.cpp.o
[ 80%] Linking CXX executable Crocoddyl_fddp_bench
[100%] Built target Crocoddyl_fddp_bench

Building Crocoddyl_sqp_bench with -j1...
[  0%] Built target Crocoddyl_sqp_bench_autogen_timestamp_deps
[ 20%] Automatic MOC for target Crocoddyl_sqp_bench
[ 20%] Built target Crocoddyl_sqp_bench_autogen
[ 40%] Building CXX object CMakeFiles/Crocoddyl_sqp_bench.dir/Crocoddyl_sqp_bench_autogen/mocs_compilation.cpp.o
[ 60%] Building CXX object CMakeFiles/Crocoddyl_sqp_bench.dir/benchmark/Crocoddyl_sqp_bench.cpp.o
[ 80%] Linking CXX executable Crocoddyl_sqp_bench
[100%] Built target Crocoddyl_sqp_bench

[2026-06-29T15:28:25+08:00] START Crocoddyl_fddp_bench run01/3
Command: /tmp/ga4ro_crocoddyl_kmaxad_build/Crocoddyl_fddp_bench --benchmark_out=/home/chenwh/ros2_ws/src/TetraPGA-preview/reviewer_revision_experiments/08_casadi_dof_benchmark_rerun/ga4ro_crocoddyl_kmaxad_rerun_20260629_152436/Crocoddyl_fddp_bench/Crocoddyl_fddp_bench_run01.csv --benchmark_out_format=csv
[2026-06-29T15:40:14+08:00] DONE  Crocoddyl_fddp_bench run01/3 duration_s=709 csv_lines=7
CSV: /home/chenwh/ros2_ws/src/TetraPGA-preview/reviewer_revision_experiments/08_casadi_dof_benchmark_rerun/ga4ro_crocoddyl_kmaxad_rerun_20260629_152436/Crocoddyl_fddp_bench/Crocoddyl_fddp_bench_run01.csv
Log: /home/chenwh/ros2_ws/src/TetraPGA-preview/reviewer_revision_experiments/08_casadi_dof_benchmark_rerun/ga4ro_crocoddyl_kmaxad_rerun_20260629_152436/Crocoddyl_fddp_bench/Crocoddyl_fddp_bench_run01.log

[2026-06-29T15:40:14+08:00] START Crocoddyl_fddp_bench run02/3
Command: /tmp/ga4ro_crocoddyl_kmaxad_build/Crocoddyl_fddp_bench --benchmark_out=/home/chenwh/ros2_ws/src/TetraPGA-preview/reviewer_revision_experiments/08_casadi_dof_benchmark_rerun/ga4ro_crocoddyl_kmaxad_rerun_20260629_152436/Crocoddyl_fddp_bench/Crocoddyl_fddp_bench_run02.csv --benchmark_out_format=csv
[2026-06-29T15:52:04+08:00] DONE  Crocoddyl_fddp_bench run02/3 duration_s=710 csv_lines=7
CSV: /home/chenwh/ros2_ws/src/TetraPGA-preview/reviewer_revision_experiments/08_casadi_dof_benchmark_rerun/ga4ro_crocoddyl_kmaxad_rerun_20260629_152436/Crocoddyl_fddp_bench/Crocoddyl_fddp_bench_run02.csv
Log: /home/chenwh/ros2_ws/src/TetraPGA-preview/reviewer_revision_experiments/08_casadi_dof_benchmark_rerun/ga4ro_crocoddyl_kmaxad_rerun_20260629_152436/Crocoddyl_fddp_bench/Crocoddyl_fddp_bench_run02.log

[2026-06-29T15:52:04+08:00] START Crocoddyl_fddp_bench run03/3
Command: /tmp/ga4ro_crocoddyl_kmaxad_build/Crocoddyl_fddp_bench --benchmark_out=/home/chenwh/ros2_ws/src/TetraPGA-preview/reviewer_revision_experiments/08_casadi_dof_benchmark_rerun/ga4ro_crocoddyl_kmaxad_rerun_20260629_152436/Crocoddyl_fddp_bench/Crocoddyl_fddp_bench_run03.csv --benchmark_out_format=csv
[2026-06-29T16:04:10+08:00] DONE  Crocoddyl_fddp_bench run03/3 duration_s=726 csv_lines=7
CSV: /home/chenwh/ros2_ws/src/TetraPGA-preview/reviewer_revision_experiments/08_casadi_dof_benchmark_rerun/ga4ro_crocoddyl_kmaxad_rerun_20260629_152436/Crocoddyl_fddp_bench/Crocoddyl_fddp_bench_run03.csv
Log: /home/chenwh/ros2_ws/src/TetraPGA-preview/reviewer_revision_experiments/08_casadi_dof_benchmark_rerun/ga4ro_crocoddyl_kmaxad_rerun_20260629_152436/Crocoddyl_fddp_bench/Crocoddyl_fddp_bench_run03.log

[2026-06-29T16:04:10+08:00] START Crocoddyl_sqp_bench run01/3
Command: /tmp/ga4ro_crocoddyl_kmaxad_build/Crocoddyl_sqp_bench --benchmark_out=/home/chenwh/ros2_ws/src/TetraPGA-preview/reviewer_revision_experiments/08_casadi_dof_benchmark_rerun/ga4ro_crocoddyl_kmaxad_rerun_20260629_152436/Crocoddyl_sqp_bench/Crocoddyl_sqp_bench_run01.csv --benchmark_out_format=csv
[2026-06-29T16:19:35+08:00] DONE  Crocoddyl_sqp_bench run01/3 duration_s=925 csv_lines=7
CSV: /home/chenwh/ros2_ws/src/TetraPGA-preview/reviewer_revision_experiments/08_casadi_dof_benchmark_rerun/ga4ro_crocoddyl_kmaxad_rerun_20260629_152436/Crocoddyl_sqp_bench/Crocoddyl_sqp_bench_run01.csv
Log: /home/chenwh/ros2_ws/src/TetraPGA-preview/reviewer_revision_experiments/08_casadi_dof_benchmark_rerun/ga4ro_crocoddyl_kmaxad_rerun_20260629_152436/Crocoddyl_sqp_bench/Crocoddyl_sqp_bench_run01.log

[2026-06-29T16:19:35+08:00] START Crocoddyl_sqp_bench run02/3
Command: /tmp/ga4ro_crocoddyl_kmaxad_build/Crocoddyl_sqp_bench --benchmark_out=/home/chenwh/ros2_ws/src/TetraPGA-preview/reviewer_revision_experiments/08_casadi_dof_benchmark_rerun/ga4ro_crocoddyl_kmaxad_rerun_20260629_152436/Crocoddyl_sqp_bench/Crocoddyl_sqp_bench_run02.csv --benchmark_out_format=csv
[2026-06-29T16:34:10+08:00] DONE  Crocoddyl_sqp_bench run02/3 duration_s=875 csv_lines=7
CSV: /home/chenwh/ros2_ws/src/TetraPGA-preview/reviewer_revision_experiments/08_casadi_dof_benchmark_rerun/ga4ro_crocoddyl_kmaxad_rerun_20260629_152436/Crocoddyl_sqp_bench/Crocoddyl_sqp_bench_run02.csv
Log: /home/chenwh/ros2_ws/src/TetraPGA-preview/reviewer_revision_experiments/08_casadi_dof_benchmark_rerun/ga4ro_crocoddyl_kmaxad_rerun_20260629_152436/Crocoddyl_sqp_bench/Crocoddyl_sqp_bench_run02.log

[2026-06-29T16:34:10+08:00] START Crocoddyl_sqp_bench run03/3
Command: /tmp/ga4ro_crocoddyl_kmaxad_build/Crocoddyl_sqp_bench --benchmark_out=/home/chenwh/ros2_ws/src/TetraPGA-preview/reviewer_revision_experiments/08_casadi_dof_benchmark_rerun/ga4ro_crocoddyl_kmaxad_rerun_20260629_152436/Crocoddyl_sqp_bench/Crocoddyl_sqp_bench_run03.csv --benchmark_out_format=csv
[2026-06-29T16:50:03+08:00] DONE  Crocoddyl_sqp_bench run03/3 duration_s=953 csv_lines=7
CSV: /home/chenwh/ros2_ws/src/TetraPGA-preview/reviewer_revision_experiments/08_casadi_dof_benchmark_rerun/ga4ro_crocoddyl_kmaxad_rerun_20260629_152436/Crocoddyl_sqp_bench/Crocoddyl_sqp_bench_run03.csv
Log: /home/chenwh/ros2_ws/src/TetraPGA-preview/reviewer_revision_experiments/08_casadi_dof_benchmark_rerun/ga4ro_crocoddyl_kmaxad_rerun_20260629_152436/Crocoddyl_sqp_bench/Crocoddyl_sqp_bench_run03.log

All runs completed.
Output directory: /home/chenwh/ros2_ws/src/TetraPGA-preview/reviewer_revision_experiments/08_casadi_dof_benchmark_rerun/ga4ro_crocoddyl_kmaxad_rerun_20260629_152436
