[sample 0/20] method=TetraPGA
[sample 0/20] method=Pinocchio
[sample 0/20] method=CasADi
[sample 1/20] method=TetraPGA
[sample 1/20] method=Pinocchio
[sample 1/20] method=CasADi
[sample 2/20] method=TetraPGA
[sample 2/20] method=Pinocchio
[sample 2/20] method=CasADi
[sample 3/20] method=TetraPGA
[sample 3/20] method=Pinocchio
[sample 3/20] method=CasADi
[sample 4/20] method=TetraPGA
[sample 4/20] method=Pinocchio
[sample 4/20] method=CasADi
[sample 5/20] method=TetraPGA
[sample 5/20] method=Pinocchio
[sample 5/20] method=CasADi
[sample 6/20] method=TetraPGA
[sample 6/20] method=Pinocchio
[sample 6/20] method=CasADi
[sample 7/20] method=TetraPGA
[sample 7/20] method=Pinocchio
[sample 7/20] method=CasADi
[sample 8/20] method=TetraPGA
[sample 8/20] method=Pinocchio
[sample 8/20] method=CasADi
[sample 9/20] method=TetraPGA
[sample 9/20] method=Pinocchio
[sample 9/20] method=CasADi
[sample 10/20] method=TetraPGA
[sample 10/20] method=Pinocchio
[sample 10/20] method=CasADi
[sample 11/20] method=TetraPGA
[sample 11/20] method=Pinocchio
[sample 11/20] method=CasADi
[sample 12/20] method=TetraPGA
[sample 12/20] method=Pinocchio
[sample 12/20] method=CasADi
[sample 13/20] method=TetraPGA
[sample 13/20] method=Pinocchio
[sample 13/20] method=CasADi
[sample 14/20] method=TetraPGA
[sample 14/20] method=Pinocchio
[sample 14/20] method=CasADi
[sample 15/20] method=TetraPGA
[sample 15/20] method=Pinocchio
[sample 15/20] method=CasADi
[sample 16/20] method=TetraPGA
[sample 16/20] method=Pinocchio
[sample 16/20] method=CasADi
[sample 17/20] method=TetraPGA
[sample 17/20] method=Pinocchio
[sample 17/20] method=CasADi
[sample 18/20] method=TetraPGA
[sample 18/20] method=Pinocchio
[sample 18/20] method=CasADi
[sample 19/20] method=TetraPGA
[sample 19/20] method=Pinocchio
[sample 19/20] method=CasADi
Wrote results to:
  /home/chenwh/ros2_ws/src/TetraPGA-preview/reviewer_revision_experiments/02_ocp_fixed_budget/paper_scale/ur10/ur10_samples.csv
  /home/chenwh/ros2_ws/src/TetraPGA-preview/reviewer_revision_experiments/02_ocp_fixed_budget/paper_scale/ur10/ur10_runs.csv
  /home/chenwh/ros2_ws/src/TetraPGA-preview/reviewer_revision_experiments/02_ocp_fixed_budget/paper_scale/ur10/ur10_trace.csv
  /home/chenwh/ros2_ws/src/TetraPGA-preview/reviewer_revision_experiments/02_ocp_fixed_budget/paper_scale/ur10/ur10_summary.csv
